  graphics engine.cpp
C:\Users\tomde\OneDrive\Documents\programmation\C++\graphics engine\render.hpp(39,8): warning C4099: 'Light' : nom de type déjà rencontré avec 'class' et utilisant maintenant 'struct'
  (compiler le fichier source 'graphics%20engine.cpp')
      C:\Users\tomde\OneDrive\Documents\programmation\C++\graphics engine\render.hpp(39,8):
      voir la déclaration de 'Light'
  
C:\Users\tomde\OneDrive\Documents\programmation\C++\graphics engine\graphics engine.cpp(196,28): warning C4305: 'argument' : troncation de 'double' à 'float'
  render.cpp
C:\Users\tomde\OneDrive\Documents\programmation\C++\graphics engine\render.hpp(39,8): warning C4099: 'Light' : nom de type déjà rencontré avec 'class' et utilisant maintenant 'struct'
  (compiler le fichier source 'render.cpp')
      C:\Users\tomde\OneDrive\Documents\programmation\C++\graphics engine\render.hpp(39,8):
      voir la déclaration de 'Light'
  
C:\Users\tomde\OneDrive\Documents\programmation\C++\graphics engine\render.cpp(45,20): warning C4305: 'initialisation' : troncation de 'double' à 'float'
C:\Users\tomde\OneDrive\Documents\programmation\C++\graphics engine\render.cpp(156,31): warning C4305: '=' : troncation de 'double' à 'float'
C:\Users\tomde\OneDrive\Documents\programmation\C++\graphics engine\render.cpp(193,31): warning C4305: '=' : troncation de 'double' à 'float'
C:\Users\tomde\OneDrive\Documents\programmation\C++\graphics engine\render.cpp(387,78): warning C4267: 'argument' : conversion de 'size_t' en 'GLsizei', perte possible de données
C:\Users\tomde\OneDrive\Documents\programmation\C++\graphics engine\render.cpp(439,81): warning C4267: 'argument' : conversion de 'size_t' en 'GLint', perte possible de données
C:\Users\tomde\OneDrive\Documents\programmation\C++\graphics engine\render.cpp(455,70): warning C4267: 'argument' : conversion de 'size_t' en 'GLsizei', perte possible de données
LINK : warning LNK4098: conflit entre la bibliothèque par défaut 'LIBCMT' et les autres bibliothèques ; utilisez /NODEFAULTLIB:library
  Génération de code en cours
  12 of 759 functions ( 1.6%) were compiled, the rest were copied from previous compilation.
    0 functions were new in current compilation
    13 functions had inline decision re-evaluated but remain unchanged
  Fin de la génération du code
glew32s.lib(glew.obj) : warning LNK4099: PDB '' n'a pu être trouvé avec 'glew32s.lib(glew.obj)' ou sur '' ; l'objet sera lié sans informations de débogage
  graphics engine.vcxproj -> C:\Users\tomde\OneDrive\Documents\programmation\C++\graphics engine\x64\Release\graphics engine.exe
